// Jest Snapshot v1, https://goo.gl/fbAQLP

exports[`@cms/core/Ui_Dropdown should match snapshot 1`] = `
<div>
  <div
    class="dropdown m-1 dropdown-rounded  
        
        
        "
  >
    Test
  </div>
</div>
`;
