// Jest Snapshot v1, https://goo.gl/fbAQLP

exports[`@cms/core/Ui_Card should match snapshot 1`] = `
<div>
  <div
    class="card shadow-xl style-override
      
      
      bg-base-100
      
      
      
      
      
      w-96
      "
  />
</div>
`;
